Обновка
